[themes.khaitawng.com/Branten/index.html]
[backblue.gif]
[fade.gif]
[index.html]
[themes.khaitawng.com/Branten/images/favicon.png]
[themes.khaitawng.com/Branten/css/bootstrap.min.css]
[themes.khaitawng.com/Branten/css/animate.css]
[themes.khaitawng.com/Branten/css/font-awesome.min.css]
[themes.khaitawng.com/Branten/css/magnific-popup.css]
[themes.khaitawng.com/Branten/css/style.css]
[themes.khaitawng.com/Branten/images/about-img.jpg]
[themes.khaitawng.com/Branten/images/work-1.jpg]
[themes.khaitawng.com/Branten/images/work-2.jpg]
[themes.khaitawng.com/Branten/images/work-3.jpg]
[themes.khaitawng.com/Branten/images/work-4.jpg]
[themes.khaitawng.com/Branten/images/work-5.jpg]
[themes.khaitawng.com/Branten/images/work-6.jpg]
[themes.khaitawng.com/Branten/js/jquery.js]
[themes.khaitawng.com/Branten/js/jquery.magnific-popup.min.js]
[themes.khaitawng.com/Branten/js/bootstrap.min.js]
[themes.khaitawng.com/Branten/js/magnific-popup-options.js]
[themes.khaitawng.com/Branten/js/jquery.parallax.js]
[themes.khaitawng.com/Branten/js/particles.min.js]
[themes.khaitawng.com/Branten/js/app.js]
[themes.khaitawng.com/Branten/js/smoothscroll.js]
[themes.khaitawng.com/Branten/js/wow.min.js]
[themes.khaitawng.com/Branten/index.html]
[themes.khaitawng.com/Branten/js/custom.js]
[themes.khaitawng.com/Branten/css/bootstrap.min.css]
[themes.khaitawng.com/Branten/css/animate.css]
[themes.khaitawng.com/Branten/fonts/fontawesome-webfont3295.eot]
[themes.khaitawng.com/Branten/fonts/fontawesome-webfontd41d.eot]
[themes.khaitawng.com/Branten/fonts/fontawesome-webfont3295.woff]
[themes.khaitawng.com/Branten/fonts/fontawesome-webfont3295.ttf]
[themes.khaitawng.com/Branten/css/font-awesome.min.css]
[themes.khaitawng.com/Branten/css/magnific-popup.css]
[themes.khaitawng.com/Branten/css/style.css]
[themes.khaitawng.com/Branten/fonts/fontawesome-webfont3295.woff2]
[themes.khaitawng.com/Branten/fonts/fontawesome-webfont3295.svg]
[themes.khaitawng.com/Branten/fonts/glyphicons-halflings-regular.html]
[themes.khaitawng.com/Branten/fonts/glyphicons-halflings-regulard41d.html]
[themes.khaitawng.com/Branten/fonts/glyphicons-halflings-regular-2.html]
[themes.khaitawng.com/Branten/fonts/glyphicons-halflings-regular-3.html]
[themes.khaitawng.com/Branten/fonts/glyphicons-halflings-regular-4.html]
[themes.khaitawng.com/Branten/fonts/glyphicons-halflings-regular-5.html]
